// Vitest Snapshot v1

exports[`Form > snapshots > should match empty form 1`] = `
<div>
  <form
    class="form form--required"
  >
    <div
      class="input-wrapper"
    >
      <label
        class="form__label form__label--required"
        for="firstname"
      >
        Firstname
      </label>
      <input
        class="form__input"
        id="firstname"
        placeholder="Firstname"
        type="text"
        value=""
      />
      <em
        class="form__error"
        role="alert"
      />
    </div>
    <div
      class="input-wrapper"
    >
      <label
        class="form__label form__label--required"
        for="lastname"
      >
        Lastname
      </label>
      <input
        class="form__input"
        id="lastname"
        placeholder="Lastname"
        type="text"
        value=""
      />
      <em
        class="form__error"
        role="alert"
      />
    </div>
    <div
      class="input-wrapper"
    >
      <label
        class="form__label form__label--required"
        for="email"
      >
        Email
      </label>
      <input
        class="form__input"
        id="email"
        placeholder="Email"
        type="text"
        value=""
      />
      <em
        class="form__error"
        role="alert"
      />
    </div>
    <div
      class="input-wrapper"
    >
      <label
        class="form__label form__label--required"
        for="confirmEmail"
      >
        Confirm email
      </label>
      <input
        class="form__input"
        id="confirmEmail"
        placeholder="Confirm email"
        type="text"
        value=""
      />
      <em
        class="form__error"
        role="alert"
      />
    </div>
    <button
      class="form__button"
      type="submit"
    >
      Submit
    </button>
  </form>
</div>
`;
