// Vitest Snapshot v1

exports[`Form > snapshots > should match empty form 1`] = `
<div>
  <div
    class="grid"
  >
    <div
      class="area area--documentation"
    >
      <div>
        <header>
          <h1>
            DOJO : react-hook-form
          </h1>
        </header>
        <nav>
          <ul
            class="nav"
          >
            <a
              class="nav__list"
              href="/prerequisites"
            >
              <button
                class="nav__list__button nav__list__button--selected"
                type="button"
              >
                prerequisites
              </button>
            </a>
            <a
              class="nav__list"
              href="/subject"
            >
              <button
                class="nav__list__button"
                type="button"
              >
                subject
              </button>
            </a>
          </ul>
        </nav>
        <section>
          <h2
            class="section__title--before-starting"
          >
            Prerequisites before starting the exercises
          </h2>
          <section>
            <h3>
              Required packages version to run app and tests
            </h3>
            <ul>
              <li>
                <a
                  href="https://nodejs.org/en/"
                  rel="norefferer noreferrer"
                  target="_blank"
                >
                  node at version 18.0.0 or more
                </a>
              </li>
            </ul>
          </section>
          <section>
            <h3>
              Explore a little bit the react-hook-form documentation
            </h3>
            <p>
              To understand a little more on what this DOJO is about, explore a little bit
               
              <a
                href="https://react-hook-form.com"
                rel="noreferrer"
                target="_blank"
              >
                the official react-hook-form
              </a>
               
              documentation
            </p>
          </section>
          <section>
            <h3>
              Find out which packages are used in this projects
            </h3>
            <section>
              <h4>
                To run this react application
              </h4>
              <ul>
                <li>
                  <a
                    href="https://vitejs.dev"
                    rel="noreferrer"
                    target="_blank"
                  >
                    vite
                  </a>
                </li>
              </ul>
            </section>
            <section>
              <h4>
                For coding
              </h4>
              <ul>
                <li>
                  <a
                    href="https://reactjs.org"
                    rel="noreferrer"
                    target="_blank"
                  >
                    react
                  </a>
                </li>
                <li>
                  <a
                    href="https://www.typescriptlang.org"
                    rel="noreferrer"
                    target="_blank"
                  >
                    typescript
                  </a>
                </li>
                <li>
                  <a
                    href="https://sass-lang.com"
                    rel="noreferrer"
                    target="_blank"
                  >
                    saas
                  </a>
                </li>
              </ul>
            </section>
            <section>
              <h4>
                For testing
              </h4>
              <ul>
                <li>
                  <a
                    href="https://vitest.dev"
                    rel="noreferrer"
                    target="_blank"
                  >
                    vitest
                  </a>
                </li>
                <li>
                  <a
                    href="https://www.npmjs.com/package/specflow-emulator"
                    rel="noreferrer"
                    target="_blank"
                  >
                    specflow-emulator
                  </a>
                </li>
                <li>
                  <a
                    href="https://cucumber.io/docs/gherkin/"
                    rel="noreferrer"
                    target="_blank"
                  >
                    cucumber gherkin
                  </a>
                </li>
              </ul>
            </section>
          </section>
        </section>
        <section>
          <h2
            class="section__title--install"
          >
            Install the React Developer Tool
          </h2>
          <ul>
            <li>
              <a
                href="https://chrome.google.com/webstore/detail/react-developer-tools/fmkadmapgofadopljbjfkapdkoienihi"
                rel="noreferrer"
                target="_blank"
              >
                for Chrome
              </a>
            </li>
            <li>
              <a
                href="https://addons.mozilla.org/fr/firefox/addon/react-devtools/"
                rel="noreferrer"
                target="_blank"
              >
                for Firefox
              </a>
            </li>
            <li>
              <a
                href="https://stackoverflow.com/questions/65373114/i-want-to-add-react-devtools-to-safari-browser"
                rel="noreferrer"
                target="_blank"
              >
                for Safari
              </a>
            </li>
          </ul>
        </section>
      </div>
    </div>
    <div
      class="area area--form"
    >
      <form
        class="form form--required"
      >
        <div
          class="input-wrapper"
        >
          <label
            class="form__label form__label--required"
            for="firstname"
          >
            Firstname
          </label>
          <input
            class="form__input"
            id="firstname"
            placeholder="Firstname"
            type="text"
            value=""
          />
          <em
            class="form__error"
            role="alert"
          />
        </div>
        <div
          class="input-wrapper"
        >
          <label
            class="form__label form__label--required"
            for="lastname"
          >
            Lastname
          </label>
          <input
            class="form__input"
            id="lastname"
            placeholder="Lastname"
            type="text"
            value=""
          />
          <em
            class="form__error"
            role="alert"
          />
        </div>
        <div
          class="input-wrapper"
        >
          <label
            class="form__label form__label--required"
            for="email"
          >
            Email
          </label>
          <input
            class="form__input"
            id="email"
            placeholder="Email"
            type="text"
            value=""
          />
          <em
            class="form__error"
            role="alert"
          />
        </div>
        <div
          class="input-wrapper"
        >
          <label
            class="form__label form__label--required"
            for="confirmEmail"
          >
            Confirm email
          </label>
          <input
            class="form__input"
            id="confirmEmail"
            placeholder="Confirm email"
            type="text"
            value=""
          />
          <em
            class="form__error"
            role="alert"
          />
        </div>
        <button
          class="form__button"
          type="submit"
        >
          Submit
        </button>
      </form>
    </div>
  </div>
</div>
`;
